mode: set
github.com/willfreit4s/short_link/internal/usecase/short_link.go:26.109,31.2 1 1
github.com/willfreit4s/short_link/internal/usecase/short_link.go:33.147,37.16 3 1
github.com/willfreit4s/short_link/internal/usecase/short_link.go:37.16,40.3 2 1
github.com/willfreit4s/short_link/internal/usecase/short_link.go:42.2,43.16 2 1
github.com/willfreit4s/short_link/internal/usecase/short_link.go:43.16,46.3 2 1
github.com/willfreit4s/short_link/internal/usecase/short_link.go:47.2,47.29 1 1
github.com/willfreit4s/short_link/internal/usecase/short_link.go:47.29,50.3 2 1
github.com/willfreit4s/short_link/internal/usecase/short_link.go:52.2,52.102 1 1
github.com/willfreit4s/short_link/internal/usecase/short_link.go:52.102,54.3 1 1
github.com/willfreit4s/short_link/internal/usecase/short_link.go:56.2,60.8 1 1
github.com/willfreit4s/short_link/internal/usecase/short_link.go:63.138,66.72 2 1
github.com/willfreit4s/short_link/internal/usecase/short_link.go:66.72,68.3 1 0
github.com/willfreit4s/short_link/internal/usecase/short_link.go:68.8,68.18 1 1
github.com/willfreit4s/short_link/internal/usecase/short_link.go:68.18,70.3 1 1
github.com/willfreit4s/short_link/internal/usecase/short_link.go:72.2,73.16 2 1
github.com/willfreit4s/short_link/internal/usecase/short_link.go:73.16,76.3 2 1
github.com/willfreit4s/short_link/internal/usecase/short_link.go:77.2,77.22 1 1
github.com/willfreit4s/short_link/internal/usecase/short_link.go:77.22,80.3 2 1
github.com/willfreit4s/short_link/internal/usecase/short_link.go:82.2,82.77 1 1
github.com/willfreit4s/short_link/internal/usecase/short_link.go:82.77,84.3 1 1
github.com/willfreit4s/short_link/internal/usecase/short_link.go:86.2,86.79 1 1
github.com/willfreit4s/short_link/internal/entity/short_link.go:23.59,30.45 2 1
github.com/willfreit4s/short_link/internal/entity/short_link.go:30.45,32.3 1 1
github.com/willfreit4s/short_link/internal/entity/short_link.go:34.2,34.23 1 1
github.com/willfreit4s/short_link/internal/entity/short_link.go:37.38,38.16 1 1
github.com/willfreit4s/short_link/internal/entity/short_link.go:38.16,40.3 1 1
github.com/willfreit4s/short_link/internal/entity/short_link.go:41.2,41.25 1 1
github.com/willfreit4s/short_link/internal/entity/short_link.go:41.25,43.3 1 1
github.com/willfreit4s/short_link/internal/entity/short_link.go:44.2,44.12 1 1
github.com/willfreit4s/short_link/internal/entity/short_link.go:47.54,50.23 2 1
github.com/willfreit4s/short_link/internal/entity/short_link.go:50.23,52.3 1 1
github.com/willfreit4s/short_link/internal/entity/short_link.go:54.2,54.93 1 1
github.com/willfreit4s/short_link/internal/entity/short_link.go:54.93,56.3 1 1
github.com/willfreit4s/short_link/internal/entity/short_link.go:58.2,58.33 1 1
github.com/willfreit4s/short_link/internal/handler/short_link.go:27.78,31.2 1 1
github.com/willfreit4s/short_link/internal/handler/short_link.go:33.54,37.2 1 1
github.com/willfreit4s/short_link/internal/handler/short_link.go:39.60,42.47 2 1
github.com/willfreit4s/short_link/internal/handler/short_link.go:42.47,48.3 2 1
github.com/willfreit4s/short_link/internal/handler/short_link.go:50.2,55.16 3 1
github.com/willfreit4s/short_link/internal/handler/short_link.go:55.16,61.3 2 1
github.com/willfreit4s/short_link/internal/handler/short_link.go:63.2,66.20 3 1
github.com/willfreit4s/short_link/internal/handler/short_link.go:66.20,68.3 1 0
github.com/willfreit4s/short_link/internal/handler/short_link.go:70.2,74.47 2 1
github.com/willfreit4s/short_link/internal/handler/short_link.go:77.57,81.16 3 1
github.com/willfreit4s/short_link/internal/handler/short_link.go:81.16,82.51 1 1
github.com/willfreit4s/short_link/internal/handler/short_link.go:82.51,87.4 2 1
github.com/willfreit4s/short_link/internal/handler/short_link.go:89.3,92.9 2 1
github.com/willfreit4s/short_link/internal/handler/short_link.go:95.2,95.53 1 1
github.com/willfreit4s/short_link/internal/repository/postgres/short_link.go:18.73,22.2 1 0
github.com/willfreit4s/short_link/internal/repository/postgres/short_link.go:24.124,29.16 2 0
github.com/willfreit4s/short_link/internal/repository/postgres/short_link.go:29.16,31.3 1 0
github.com/willfreit4s/short_link/internal/repository/postgres/short_link.go:33.2,33.39 1 0
github.com/willfreit4s/short_link/internal/repository/postgres/short_link.go:36.103,38.16 2 0
github.com/willfreit4s/short_link/internal/repository/postgres/short_link.go:38.16,39.36 1 0
github.com/willfreit4s/short_link/internal/repository/postgres/short_link.go:39.36,41.4 1 0
github.com/willfreit4s/short_link/internal/repository/postgres/short_link.go:43.3,43.18 1 0
github.com/willfreit4s/short_link/internal/repository/postgres/short_link.go:46.2,46.27 1 0
github.com/willfreit4s/short_link/internal/repository/postgres/short_link.go:49.72,51.2 1 0
github.com/willfreit4s/short_link/internal/repository/postgres/short_link.go:53.46,59.2 1 0
github.com/willfreit4s/short_link/internal/repository/postgres/transaction.go:18.73,20.2 1 0
github.com/willfreit4s/short_link/internal/repository/postgres/transaction.go:22.112,24.16 2 0
github.com/willfreit4s/short_link/internal/repository/postgres/transaction.go:24.16,26.3 1 0
github.com/willfreit4s/short_link/internal/repository/postgres/transaction.go:28.2,30.34 2 0
github.com/willfreit4s/short_link/internal/repository/postgres/transaction.go:30.34,33.3 2 0
github.com/willfreit4s/short_link/internal/repository/postgres/transaction.go:35.2,35.39 1 0
github.com/willfreit4s/short_link/internal/repository/postgres/transaction.go:35.39,37.3 1 0
github.com/willfreit4s/short_link/internal/repository/postgres/transaction.go:39.2,39.12 1 0
github.com/willfreit4s/short_link/internal/repository/postgres/transaction.go:42.73,43.54 1 0
github.com/willfreit4s/short_link/internal/repository/postgres/transaction.go:43.54,45.3 1 0
github.com/willfreit4s/short_link/internal/repository/postgres/transaction.go:47.2,47.17 1 0
github.com/willfreit4s/short_link/configs/config.go:38.27,82.2 22 0
github.com/willfreit4s/short_link/configs/config.go:84.34,86.2 1 0
github.com/willfreit4s/short_link/internal/repository/redis/short_link.go:19.92,21.2 1 0
github.com/willfreit4s/short_link/internal/repository/redis/short_link.go:23.86,25.16 2 0
github.com/willfreit4s/short_link/internal/repository/redis/short_link.go:25.16,26.38 1 0
github.com/willfreit4s/short_link/internal/repository/redis/short_link.go:26.38,28.4 1 0
github.com/willfreit4s/short_link/internal/repository/redis/short_link.go:30.3,30.24 1 0
github.com/willfreit4s/short_link/internal/repository/redis/short_link.go:33.2,33.25 1 0
github.com/willfreit4s/short_link/internal/repository/redis/short_link.go:36.90,38.14 2 0
github.com/willfreit4s/short_link/internal/repository/redis/short_link.go:38.14,40.3 1 0
github.com/willfreit4s/short_link/internal/repository/redis/short_link.go:42.2,42.63 1 0
github.com/willfreit4s/short_link/internal/repository/redis/short_link.go:45.73,47.2 1 0
github.com/willfreit4s/short_link/internal/repository/redis/short_link.go:49.50,51.2 1 0
github.com/willfreit4s/short_link/pkg/database/postgres.go:14.81,28.16 5 0
github.com/willfreit4s/short_link/pkg/database/postgres.go:28.16,30.3 1 0
github.com/willfreit4s/short_link/pkg/database/postgres.go:32.2,41.16 8 0
github.com/willfreit4s/short_link/pkg/database/postgres.go:41.16,44.3 2 0
github.com/willfreit4s/short_link/pkg/database/postgres.go:46.2,46.39 1 0
github.com/willfreit4s/short_link/pkg/database/postgres.go:46.39,50.3 3 0
github.com/willfreit4s/short_link/pkg/database/postgres.go:52.2,54.18 2 0
github.com/willfreit4s/short_link/pkg/database/redis.go:13.84,25.47 5 0
github.com/willfreit4s/short_link/pkg/database/redis.go:25.47,28.3 2 0
github.com/willfreit4s/short_link/pkg/database/redis.go:30.2,32.20 2 0
github.com/willfreit4s/short_link/internal/bootstrap/router.go:19.121,40.2 15 0
github.com/willfreit4s/short_link/pkg/metrics/metrics.go:44.17,50.2 1 0
github.com/willfreit4s/short_link/pkg/metrics/metrics.go:52.35,53.30 1 0
github.com/willfreit4s/short_link/pkg/metrics/metrics.go:53.30,54.39 1 0
github.com/willfreit4s/short_link/pkg/metrics/metrics.go:54.39,57.4 2 0
github.com/willfreit4s/short_link/pkg/metrics/metrics.go:59.3,69.18 6 0
github.com/willfreit4s/short_link/pkg/metrics/metrics.go:69.18,71.4 1 0
github.com/willfreit4s/short_link/pkg/metrics/metrics.go:73.3,87.29 5 0
github.com/willfreit4s/short_link/internal/db/db.go:20.28,22.2 1 0
github.com/willfreit4s/short_link/internal/db/db.go:28.46,32.2 1 0
github.com/willfreit4s/short_link/internal/db/query.sql.go:23.97,28.2 4 0
github.com/willfreit4s/short_link/internal/db/query.sql.go:36.78,41.2 4 0
github.com/willfreit4s/short_link/pkg/logger/logger.go:20.60,22.61 1 0
github.com/willfreit4s/short_link/pkg/logger/logger.go:22.61,23.43 1 0
github.com/willfreit4s/short_link/pkg/logger/logger.go:23.43,25.5 1 0
github.com/willfreit4s/short_link/pkg/logger/logger.go:26.4,26.12 1 0
github.com/willfreit4s/short_link/pkg/logger/logger.go:30.2,39.17 3 0
github.com/willfreit4s/short_link/pkg/logger/logger.go:42.76,44.2 1 0
github.com/willfreit4s/short_link/pkg/logger/logger.go:46.44,47.30 1 0
github.com/willfreit4s/short_link/pkg/logger/logger.go:47.30,49.22 2 0
github.com/willfreit4s/short_link/pkg/logger/logger.go:49.22,51.4 1 0
github.com/willfreit4s/short_link/pkg/logger/logger.go:52.3,54.11 3 0
github.com/willfreit4s/short_link/pkg/logger/logger.go:58.58,59.30 1 0
github.com/willfreit4s/short_link/pkg/logger/logger.go:59.30,81.3 7 0
github.com/willfreit4s/short_link/pkg/logger/logger.go:84.52,85.16 1 0
github.com/willfreit4s/short_link/pkg/logger/logger.go:85.16,87.3 1 0
github.com/willfreit4s/short_link/pkg/logger/logger.go:89.2,89.79 1 0
github.com/willfreit4s/short_link/pkg/logger/logger.go:89.79,91.3 1 0
github.com/willfreit4s/short_link/pkg/logger/logger.go:93.2,93.23 1 0
github.com/willfreit4s/short_link/pkg/entity/nanoid.go:21.13,24.16 3 0
github.com/willfreit4s/short_link/pkg/entity/nanoid.go:24.16,25.66 1 0
github.com/willfreit4s/short_link/pkg/entity/nanoid.go:29.34,31.2 1 0
github.com/willfreit4s/short_link/pkg/entity/nanoid.go:33.25,35.2 1 0
github.com/willfreit4s/short_link/pkg/entity/nanoid.go:37.42,38.26 1 0
github.com/willfreit4s/short_link/pkg/entity/nanoid.go:38.26,40.3 1 0
github.com/willfreit4s/short_link/pkg/entity/nanoid.go:42.2,42.31 1 0
github.com/willfreit4s/short_link/pkg/entity/nanoid.go:42.31,44.3 1 0
github.com/willfreit4s/short_link/pkg/entity/nanoid.go:46.2,46.25 1 0
github.com/willfreit4s/short_link/cmd/server/main.go:19.13,23.16 3 0
github.com/willfreit4s/short_link/cmd/server/main.go:23.16,24.13 1 0
github.com/willfreit4s/short_link/cmd/server/main.go:27.2,30.16 3 0
github.com/willfreit4s/short_link/cmd/server/main.go:30.16,33.3 2 0
github.com/willfreit4s/short_link/cmd/server/main.go:34.2,37.16 3 0
github.com/willfreit4s/short_link/cmd/server/main.go:37.16,39.3 1 0
github.com/willfreit4s/short_link/cmd/server/main.go:40.2,49.12 4 0
github.com/willfreit4s/short_link/cmd/server/main.go:49.12,50.77 1 0
github.com/willfreit4s/short_link/cmd/server/main.go:50.77,52.4 1 0
github.com/willfreit4s/short_link/cmd/server/main.go:55.2,62.42 7 0
github.com/willfreit4s/short_link/cmd/server/main.go:62.42,64.3 1 0
github.com/willfreit4s/short_link/cmd/server/main.go:65.2,65.28 1 0
